// Jest Snapshot v1, https://goo.gl/fbAQLP

exports[`maches snapshot 1`] = `
<div
  className="spell-li"
>
  <a
    href="/spell/expecto-patronum"
    onClick={[Function]}
  >
    expecto patronum
  </a>
  <svg
    aria-hidden="true"
    className="svg-inline--fa fa-bookmark fav-icon"
    color="gray"
    data-icon="bookmark"
    data-prefix="fas"
    focusable="false"
    onClick={[Function]}
    role="img"
    style={Object {}}
    viewBox="0 0 384 512"
    xmlns="http://www.w3.org/2000/svg"
  >
    <path
      d="M384 48V512l-192-112L0 512V48C0 21.5 21.5 0 48 0h288C362.5 0 384 21.5 384 48z"
      fill="currentColor"
      style={Object {}}
    />
  </svg>
</div>
`;
